00:00 +0: loading C:/kitahack/KitahackTaygood/test/project_provider_test.dart
00:00 +0: ProjectProvider ΓÇö Initialisation loads mock projects on construction
00:00 +1: ProjectProvider ΓÇö Initialisation filteredProjects returns all projects when no filters set
00:00 +2: ProjectProvider ΓÇö Initialisation searchQuery is initially empty
00:00 +3: ProjectProvider ΓÇö Initialisation categoryFilter is initially null
00:00 +4: ProjectProvider ΓÇö Initialisation statusFilter is initially null
00:00 +5: ProjectProvider ΓÇö Filters setSearchQuery filters by project name
00:00 +6: ProjectProvider ΓÇö Filters setSearchQuery with gibberish returns no results
00:00 +7: ProjectProvider ΓÇö Filters setCategoryFilter filters by category
00:00 +8: ProjectProvider ΓÇö Filters setStatusFilter filters by status
00:00 +9: ProjectProvider ΓÇö Filters clearFilters resets all filters
00:00 +10: ProjectProvider ΓÇö Section Getters activeProjects returns only active projects
00:00 +11: ProjectProvider ΓÇö Section Getters stalledProjects returns only stalled projects
00:00 +12: ProjectProvider ΓÇö Section Getters publicProjects returns only public projects
00:00 +13: ProjectProvider ΓÇö Section Getters privateProjects returns only private projects
00:00 +14: ProjectProvider ΓÇö Section Getters section getters cover all projects
00:00 +15: ProjectProvider ΓÇö getProjectById returns correct project by ID
00:00 +16: ProjectProvider ΓÇö getProjectById throws on unknown ID
00:00 +17: ProjectProvider ΓÇö addCheckIn adds check-in to project optimistically
00:00 +18: ProjectProvider ΓÇö addCheckIn updates project status to match new check-in
00:00 +19: ProjectProvider ΓÇö addCheckIn recalculates confidence after check-in
00:00 +19 -1: ProjectProvider ΓÇö addCheckIn recalculates confidence after check-in [E]
  Expected: ConfidenceLevel:<ConfidenceLevel.high>
    Actual: ConfidenceLevel:<ConfidenceLevel.medium>
  
  package:matcher                                     expect
  package:flutter_test/src/widget_tester.dart 473:18  expect
  test\project_provider_test.dart 191:7               main.<fn>.<fn>
  
00:00 +19 -1: ProjectProvider ΓÇö addCheckIn mixed statuses lower confidence
00:00 +20 -1: Some tests failed.
